Step 31 Test
